// Jest Snapshot v1, https://goo.gl/fbAQLP

exports[`Loader renders correctly 1`] = `
<div
  class="lds-ring"
>
  <div />
  <div />
  <div />
  <div />
</div>
`;
