// Jest Snapshot v1, https://goo.gl/fbAQLP

exports[`App renders correctly 1`] = `
<label
  aria-label=""
>
  <span>
    
  </span>
   
  <input
    aria-placeholder=""
    maxlength=""
    minlength=""
    placeholder=""
    required="required"
    type="text"
  />
</label>
`;
